// Jest Snapshot v1, https://goo.gl/fbAQLP

exports[`pages/MarketDetails fetches market details and displays them correctly 1`] = `"Supply infoSupply APYTotal supply$34.35MAPY1.81%Distribution APY1.61%"`;

exports[`pages/MarketDetails fetches market details and displays them correctly 2`] = `"Borrow infoBorrow APYTotal borrow$12.32MAPY0%Distribution APY4.54%"`;

exports[`pages/MarketDetails fetches market details and displays them correctly 3`] = `"Interest Rate ModelUtilization rateBorrow APYSupply APY"`;

exports[`pages/MarketDetails fetches market details and displays them correctly 4`] = `"Market infoPrice$30,046.80Market liquidity$22,080,059.44# of suppliers415# of borrowers51Supply capUncappedBorrow capUncappedDaily supplying interests$424.31Daily borrowing interests$471.47Daily XCN distributed3,000Reserves17,660,902,508.1563 WBTCReserve factor10%Collateral factor80%oBTC minted53,877.5661Exchange rate1 WBTC=0 oBTC"`;
