// Jest Snapshot v1, https://goo.gl/fbAQLP

exports[`api/queries/getProposal returns proposal 1`] = `
Object {
  "actions": Array [
    Object {
      "callData": "0x000000000000000000000000000000000000000000000000000000000000012c",
      "signature": "setDelay(uint256)",
      "target": "0x08edf0f2af8672029eb445742b3b4072c6158df3",
      "value": "0",
    },
  ],
  "againstVotesWei": "0",
  "cancelDate": undefined,
  "cancelTxHash": undefined,
  "createdDate": 2022-04-22T19:00:27.000Z,
  "createdTxHash": "0xb5c2ae6315b1904385063e2e2f90139a47eadb1622b3dcd4549abb054ea6c435",
  "description": Object {
    "description": " Chain Improvement Proposal 4 (CIP-4) enables the Chain Governance module to update the Timelock smart contract for final mainnet testing purposes.\\\"",
    "title": "\\\" CIP 4 Pre Governance Activation",
    "version": "v1",
  },
  "endBlock": 14636441,
  "executedDate": undefined,
  "executedTxHash": undefined,
  "forVotesWei": "1.0998195e+26",
  "id": 1,
  "isEnded": false,
  "isStarted": false,
  "proposer": "0x1b7081943449db22e4d68c5bac45cfc85b44d3a7",
  "queuedDate": undefined,
  "queuedTxHash": undefined,
  "startBlock": 14636411,
  "state": "Pending",
  "totalVotesWei": "1.0998195e+26",
}
`;
