// Jest Snapshot v1, https://goo.gl/fbAQLP

exports[`api/queries/getProposals Gets called with correct default arguments 1`] = `
Object {
  "proposals": Array [
    Object {
      "actions": Array [
        Object {
          "callData": "0x000000000000000000000000000000000000000000000000000000000002a300",
          "signature": "setDelay(uint256)",
          "target": "0x08eDF0F2AF8672029eb445742B3b4072c6158DF3",
          "value": "0",
        },
        Object {
          "callData": "0x0000000000000000000000000000000000000000000000000000000000003200",
          "signature": "changeVotingPeriod(uint256)",
          "target": "0xdec2F31C3984F3440540DC78Ef21b1369d4eF767",
          "value": "0",
        },
      ],
      "againstVotesWei": "0",
      "cancelDate": undefined,
      "cancelTxHash": undefined,
      "createdDate": 2022-04-22T20:52:40.000Z,
      "createdTxHash": "0x8b70679651c2e7cdeafbee647e2b52c5006a5c11d15f996edde95d020e45bda5",
      "description": Object {
        "description": " Chain Improvement Proposal 6 (CIP-6) will enable time lock parameters in the governance smart contracts to protect the protocol, the DAO, and its users. CIP-6 adds a 2 day voting window where users can place votes and a 2 day wait window before a proposal can be executed. Therefore, this 4 day window will protect the protocol from malicious attacks and set a reasonable time period for voting.",
        "title": " CIP-6 Secure Proposal Timelock",
        "version": "v1",
      },
      "endBlock": 4636946,
      "executedDate": 2022-04-22T21:12:53.000Z,
      "executedTxHash": "0xac2cead7d0a330a5bcfcdfba1ab5c39822d4b04052c5bfd4aaecd50b8c47506d",
      "forVotesWei": "2.324562998201e+26",
      "id": 6,
      "isEnded": true,
      "isStarted": true,
      "proposer": "0xe864c9439eb042e969c59dd13d38cfdb28e16d73",
      "queuedDate": 2022-04-22T21:01:30.000Z,
      "queuedTxHash": "0x53b9aaffd88bb56f4df1667fcb7058c484e90ead70f641166fee10658b1f5098",
      "startBlock": 4636916,
      "state": "Executed",
      "totalVotesWei": "2.324562998201e+26",
    },
    Object {
      "actions": Array [
        Object {
          "callData": "0x000000000000000000000000000000000000000000000000000000000000012c",
          "signature": "setDelay(uint256)",
          "target": "0x08eDF0F2AF8672029eb445742B3b4072c6158DF3",
          "value": "0",
        },
      ],
      "againstVotesWei": "0",
      "cancelDate": undefined,
      "cancelTxHash": undefined,
      "createdDate": 2022-04-22T19:57:45.000Z,
      "createdTxHash": "0xf36b8da226c217e95294aaee42f9646c460b46b317a610deedca8e8a15388930",
      "description": Object {
        "description": " Chain Improvement Proposal 4 (CIP-4) enables the Chain Governance module to update the Timelock smart contract for final mainnet testing purposes.",
        "title": " CIP-4 Pre-Governance Activation",
        "version": "v1",
      },
      "endBlock": 4636708,
      "executedDate": undefined,
      "executedTxHash": undefined,
      "forVotesWei": "0",
      "id": 4,
      "isEnded": true,
      "isStarted": true,
      "proposer": "0xe864c9439eb042e969c59dd13d38cfdb28e16d73",
      "queuedDate": undefined,
      "queuedTxHash": undefined,
      "startBlock": 4636678,
      "state": "Executed",
      "totalVotesWei": "0",
    },
    Object {
      "actions": Array [
        Object {
          "callData": "0x00000000000000000000000000000000000000000000000878678326eac90000",
          "signature": "setRewardPerblock(uint256)",
          "target": "0x23445c63FeEf8D85956dc0f19aDe87606D0e19A9",
          "value": "0",
        },
      ],
      "againstVotesWei": "0",
      "cancelDate": undefined,
      "cancelTxHash": undefined,
      "createdDate": 2022-04-22T20:04:47.000Z,
      "createdTxHash": "0x3abef1f2811d39809f29a673f7c1cf0c4af6af3c479a03855fc82966d1d90319",
      "description": Object {
        "description": " Chain Improvement Proposal 5 (CIP-5) initiates the XCN Staking reward module to distribute XCN to stakers who are securing the Chain DAO and Chain Governance. The initial rewards will be set to 1 million XCN per day which is within the XCN allocated monthly per the latest Chain DAO Constitution. XCN Rewards will be distributed based on your staking weight in the protocol",
        "title": " CIP-5 Set Initial XCN Staking Rewards",
        "version": "v1",
      },
      "endBlock": 4636746,
      "executedDate": 2022-04-22T20:29:09.000Z,
      "executedTxHash": "0x1875dabc6bc38b7f716799179ec0c8eb1bc37c5b2cc88bbeaa097a2102077005",
      "forVotesWei": "2.324562998201e+26",
      "id": 5,
      "isEnded": true,
      "isStarted": true,
      "proposer": "0xe864c9439eb042e969c59dd13d38cfdb28e16d73",
      "queuedDate": 2022-04-22T20:11:11.000Z,
      "queuedTxHash": "0x985ec91cadcfb82e391faae2d7cb2fdaf4a0999d89aac009658a0f9aefb8c406",
      "startBlock": 4636716,
      "state": "Executed",
      "totalVotesWei": "2.324562998201e+26",
    },
    Object {
      "actions": Array [
        Object {
          "callData": "0x000000000000000000000000000000000000000000000000000000000000012c",
          "signature": "setDelay(uint256)",
          "target": "0x08eDF0F2AF8672029eb445742B3b4072c6158DF3",
          "value": "0",
        },
      ],
      "againstVotesWei": "0",
      "cancelDate": undefined,
      "cancelTxHash": undefined,
      "createdDate": 2022-04-22T19:47:04.000Z,
      "createdTxHash": "0x22d1f1e90bf5c37358514605b82a5c65f0b96fe1dde1e9e94bd879af319abfd2",
      "description": Object {
        "description": " Chain Improvement Proposal 4 (CIP-4) enables the Chain Governance module to update the Timelock smart contract for final mainnet testing purposes.",
        "title": " CIP-4 Pre-Governance Activation",
        "version": "v1",
      },
      "endBlock": 4636666,
      "executedDate": undefined,
      "executedTxHash": undefined,
      "forVotesWei": "0",
      "id": 3,
      "isEnded": true,
      "isStarted": true,
      "proposer": "0xe864c9439eb042e969c59dd13d38cfdb28e16d73",
      "queuedDate": undefined,
      "queuedTxHash": undefined,
      "startBlock": 4636636,
      "state": "Executed",
      "totalVotesWei": "0",
    },
    Object {
      "actions": Array [
        Object {
          "callData": "0x000000000000000000000000000000000000000000000000000000000000012c",
          "signature": "setDelay(uint256)",
          "target": "0x08eDF0F2AF8672029eb445742B3b4072c6158DF3",
          "value": "0",
        },
      ],
      "againstVotesWei": "0",
      "cancelDate": undefined,
      "cancelTxHash": undefined,
      "createdDate": 2022-04-22T19:10:48.000Z,
      "createdTxHash": "0x3a748dab42685386e014189adecf71640bbdba37afa86c3e832b910f28fc0438",
      "description": Object {
        "description": " Chain Improvement Proposal 4 (CIP-4) enables the Chain Governance module to update the Timelock smart contract for final mainnet testing purposes.",
        "title": " CIP-4 Pre-Governance Activation",
        "version": "v1",
      },
      "endBlock": 4636496,
      "executedDate": 2022-04-22T19:26:38.000Z,
      "executedTxHash": "0xd3b6d9ac10b004398bd5c384a9c3b24d2b597ee86beca5cee6a32924820e36bd",
      "forVotesWei": "2.324562998201e+26",
      "id": 2,
      "isEnded": true,
      "isStarted": true,
      "proposer": "0xe864c9439eb042e969c59dd13d38cfdb28e16d73",
      "queuedDate": 2022-04-22T19:19:14.000Z,
      "queuedTxHash": "0xf2fd3a9b442bf82bc7a3662a0d4d392821666ad86a81dbd30c1f1962a3994e91",
      "startBlock": 4636466,
      "state": "Executed",
      "totalVotesWei": "2.324562998201e+26",
    },
  ],
  "total": 5,
}
`;

exports[`api/queries/getProposals returns formatted proposals 1`] = `
Object {
  "proposals": Array [
    Object {
      "actions": Array [
        Object {
          "callData": "0x000000000000000000000000000000000000000000000000000000000002a300",
          "signature": "setDelay(uint256)",
          "target": "0x08eDF0F2AF8672029eb445742B3b4072c6158DF3",
          "value": "0",
        },
        Object {
          "callData": "0x0000000000000000000000000000000000000000000000000000000000003200",
          "signature": "changeVotingPeriod(uint256)",
          "target": "0xdec2F31C3984F3440540DC78Ef21b1369d4eF767",
          "value": "0",
        },
      ],
      "againstVotesWei": "0",
      "cancelDate": undefined,
      "cancelTxHash": undefined,
      "createdDate": 2022-04-22T20:52:40.000Z,
      "createdTxHash": "0x8b70679651c2e7cdeafbee647e2b52c5006a5c11d15f996edde95d020e45bda5",
      "description": Object {
        "description": " Chain Improvement Proposal 6 (CIP-6) will enable time lock parameters in the governance smart contracts to protect the protocol, the DAO, and its users. CIP-6 adds a 2 day voting window where users can place votes and a 2 day wait window before a proposal can be executed. Therefore, this 4 day window will protect the protocol from malicious attacks and set a reasonable time period for voting.",
        "title": " CIP-6 Secure Proposal Timelock",
        "version": "v1",
      },
      "endBlock": 4636946,
      "executedDate": 2022-04-22T21:12:53.000Z,
      "executedTxHash": "0xac2cead7d0a330a5bcfcdfba1ab5c39822d4b04052c5bfd4aaecd50b8c47506d",
      "forVotesWei": "2.324562998201e+26",
      "id": 6,
      "isEnded": true,
      "isStarted": true,
      "proposer": "0xe864c9439eb042e969c59dd13d38cfdb28e16d73",
      "queuedDate": 2022-04-22T21:01:30.000Z,
      "queuedTxHash": "0x53b9aaffd88bb56f4df1667fcb7058c484e90ead70f641166fee10658b1f5098",
      "startBlock": 4636916,
      "state": "Executed",
      "totalVotesWei": "2.324562998201e+26",
    },
    Object {
      "actions": Array [
        Object {
          "callData": "0x000000000000000000000000000000000000000000000000000000000000012c",
          "signature": "setDelay(uint256)",
          "target": "0x08eDF0F2AF8672029eb445742B3b4072c6158DF3",
          "value": "0",
        },
      ],
      "againstVotesWei": "0",
      "cancelDate": undefined,
      "cancelTxHash": undefined,
      "createdDate": 2022-04-22T19:57:45.000Z,
      "createdTxHash": "0xf36b8da226c217e95294aaee42f9646c460b46b317a610deedca8e8a15388930",
      "description": Object {
        "description": " Chain Improvement Proposal 4 (CIP-4) enables the Chain Governance module to update the Timelock smart contract for final mainnet testing purposes.",
        "title": " CIP-4 Pre-Governance Activation",
        "version": "v1",
      },
      "endBlock": 4636708,
      "executedDate": undefined,
      "executedTxHash": undefined,
      "forVotesWei": "0",
      "id": 4,
      "isEnded": true,
      "isStarted": true,
      "proposer": "0xe864c9439eb042e969c59dd13d38cfdb28e16d73",
      "queuedDate": undefined,
      "queuedTxHash": undefined,
      "startBlock": 4636678,
      "state": "Executed",
      "totalVotesWei": "0",
    },
    Object {
      "actions": Array [
        Object {
          "callData": "0x00000000000000000000000000000000000000000000000878678326eac90000",
          "signature": "setRewardPerblock(uint256)",
          "target": "0x23445c63FeEf8D85956dc0f19aDe87606D0e19A9",
          "value": "0",
        },
      ],
      "againstVotesWei": "0",
      "cancelDate": undefined,
      "cancelTxHash": undefined,
      "createdDate": 2022-04-22T20:04:47.000Z,
      "createdTxHash": "0x3abef1f2811d39809f29a673f7c1cf0c4af6af3c479a03855fc82966d1d90319",
      "description": Object {
        "description": " Chain Improvement Proposal 5 (CIP-5) initiates the XCN Staking reward module to distribute XCN to stakers who are securing the Chain DAO and Chain Governance. The initial rewards will be set to 1 million XCN per day which is within the XCN allocated monthly per the latest Chain DAO Constitution. XCN Rewards will be distributed based on your staking weight in the protocol",
        "title": " CIP-5 Set Initial XCN Staking Rewards",
        "version": "v1",
      },
      "endBlock": 4636746,
      "executedDate": 2022-04-22T20:29:09.000Z,
      "executedTxHash": "0x1875dabc6bc38b7f716799179ec0c8eb1bc37c5b2cc88bbeaa097a2102077005",
      "forVotesWei": "2.324562998201e+26",
      "id": 5,
      "isEnded": true,
      "isStarted": true,
      "proposer": "0xe864c9439eb042e969c59dd13d38cfdb28e16d73",
      "queuedDate": 2022-04-22T20:11:11.000Z,
      "queuedTxHash": "0x985ec91cadcfb82e391faae2d7cb2fdaf4a0999d89aac009658a0f9aefb8c406",
      "startBlock": 4636716,
      "state": "Executed",
      "totalVotesWei": "2.324562998201e+26",
    },
    Object {
      "actions": Array [
        Object {
          "callData": "0x000000000000000000000000000000000000000000000000000000000000012c",
          "signature": "setDelay(uint256)",
          "target": "0x08eDF0F2AF8672029eb445742B3b4072c6158DF3",
          "value": "0",
        },
      ],
      "againstVotesWei": "0",
      "cancelDate": undefined,
      "cancelTxHash": undefined,
      "createdDate": 2022-04-22T19:47:04.000Z,
      "createdTxHash": "0x22d1f1e90bf5c37358514605b82a5c65f0b96fe1dde1e9e94bd879af319abfd2",
      "description": Object {
        "description": " Chain Improvement Proposal 4 (CIP-4) enables the Chain Governance module to update the Timelock smart contract for final mainnet testing purposes.",
        "title": " CIP-4 Pre-Governance Activation",
        "version": "v1",
      },
      "endBlock": 4636666,
      "executedDate": undefined,
      "executedTxHash": undefined,
      "forVotesWei": "0",
      "id": 3,
      "isEnded": true,
      "isStarted": true,
      "proposer": "0xe864c9439eb042e969c59dd13d38cfdb28e16d73",
      "queuedDate": undefined,
      "queuedTxHash": undefined,
      "startBlock": 4636636,
      "state": "Executed",
      "totalVotesWei": "0",
    },
    Object {
      "actions": Array [
        Object {
          "callData": "0x000000000000000000000000000000000000000000000000000000000000012c",
          "signature": "setDelay(uint256)",
          "target": "0x08eDF0F2AF8672029eb445742B3b4072c6158DF3",
          "value": "0",
        },
      ],
      "againstVotesWei": "0",
      "cancelDate": undefined,
      "cancelTxHash": undefined,
      "createdDate": 2022-04-22T19:10:48.000Z,
      "createdTxHash": "0x3a748dab42685386e014189adecf71640bbdba37afa86c3e832b910f28fc0438",
      "description": Object {
        "description": " Chain Improvement Proposal 4 (CIP-4) enables the Chain Governance module to update the Timelock smart contract for final mainnet testing purposes.",
        "title": " CIP-4 Pre-Governance Activation",
        "version": "v1",
      },
      "endBlock": 4636496,
      "executedDate": 2022-04-22T19:26:38.000Z,
      "executedTxHash": "0xd3b6d9ac10b004398bd5c384a9c3b24d2b597ee86beca5cee6a32924820e36bd",
      "forVotesWei": "2.324562998201e+26",
      "id": 2,
      "isEnded": true,
      "isStarted": true,
      "proposer": "0xe864c9439eb042e969c59dd13d38cfdb28e16d73",
      "queuedDate": 2022-04-22T19:19:14.000Z,
      "queuedTxHash": "0xf2fd3a9b442bf82bc7a3662a0d4d392821666ad86a81dbd30c1f1962a3994e91",
      "startBlock": 4636466,
      "state": "Executed",
      "totalVotesWei": "2.324562998201e+26",
    },
  ],
  "total": 5,
}
`;
