// Jest Snapshot v1, https://goo.gl/fbAQLP

exports[`api/queries/getOTokenApySimulations returns the APY simulations in the correct format on success 1`] = `
Object {
  "apySimulations": Array [
    Object {
      "borrowApyPercentage": 0.6001449430442708,
      "supplyApyPercentage": 0.004487771477774257,
      "utilizationRate": 1,
    },
    Object {
      "borrowApyPercentage": 1.2038816718017156,
      "supplyApyPercentage": 0.017952291556833592,
      "utilizationRate": 2,
    },
    Object {
      "borrowApyPercentage": 1.8112334501905463,
      "supplyApyPercentage": 0.040397256893028546,
      "utilizationRate": 3,
    },
    Object {
      "borrowApyPercentage": 2.422216360347461,
      "supplyApyPercentage": 0.07182845300018405,
      "utilizationRate": 4,
    },
    Object {
      "borrowApyPercentage": 3.0368575771944952,
      "supplyApyPercentage": 0.11225456604600832,
      "utilizationRate": 5,
    },
    Object {
      "borrowApyPercentage": 3.655169652936671,
      "supplyApyPercentage": 0.16168573018616425,
      "utilizationRate": 6,
    },
    Object {
      "borrowApyPercentage": 4.27720123276582,
      "supplyApyPercentage": 0.2201376135726019,
      "utilizationRate": 7,
    },
    Object {
      "borrowApyPercentage": 4.902938971325978,
      "supplyApyPercentage": 0.2876226681188388,
      "utilizationRate": 8,
    },
    Object {
      "borrowApyPercentage": 5.532431308222185,
      "supplyApyPercentage": 0.3641617452689849,
      "utilizationRate": 9,
    },
    Object {
      "borrowApyPercentage": 6.165679175231814,
      "supplyApyPercentage": 0.44977281211042136,
      "utilizationRate": 10,
    },
    Object {
      "borrowApyPercentage": 6.802729126555076,
      "supplyApyPercentage": 0.544482200316389,
      "utilizationRate": 11,
    },
    Object {
      "borrowApyPercentage": 7.443607860378146,
      "supplyApyPercentage": 0.6483166237107959,
      "utilizationRate": 12,
    },
    Object {
      "borrowApyPercentage": 8.088275056251916,
      "supplyApyPercentage": 0.7612932675039368,
      "utilizationRate": 13,
    },
    Object {
      "borrowApyPercentage": 8.736759268735657,
      "supplyApyPercentage": 0.8834418954258692,
      "utilizationRate": 14,
    },
    Object {
      "borrowApyPercentage": 9.389192725173912,
      "supplyApyPercentage": 1.0148166155230283,
      "utilizationRate": 15,
    },
    Object {
      "borrowApyPercentage": 10.045573487779494,
      "supplyApyPercentage": 1.1554500516845447,
      "utilizationRate": 16,
    },
    Object {
      "borrowApyPercentage": 10.70574219407715,
      "supplyApyPercentage": 1.3053392635157994,
      "utilizationRate": 17,
    },
    Object {
      "borrowApyPercentage": 11.369945610878332,
      "supplyApyPercentage": 1.4645744900416675,
      "utilizationRate": 18,
    },
    Object {
      "borrowApyPercentage": 12.0381230486045,
      "supplyApyPercentage": 1.6331802850973067,
      "utilizationRate": 19,
    },
    Object {
      "borrowApyPercentage": 12.710406087682788,
      "supplyApyPercentage": 1.811231622783376,
      "utilizationRate": 20,
    },
    Object {
      "borrowApyPercentage": 13.386623155798496,
      "supplyApyPercentage": 1.998725459875685,
      "utilizationRate": 21,
    },
    Object {
      "borrowApyPercentage": 14.066707286350564,
      "supplyApyPercentage": 2.1956826108446315,
      "utilizationRate": 22,
    },
    Object {
      "borrowApyPercentage": 14.751270362538289,
      "supplyApyPercentage": 2.4023311577530224,
      "utilizationRate": 23,
    },
    Object {
      "borrowApyPercentage": 15.439455399731393,
      "supplyApyPercentage": 2.6184602449161343,
      "utilizationRate": 24,
    },
    Object {
      "borrowApyPercentage": 16.132118784319186,
      "supplyApyPercentage": 2.844388094974701,
      "utilizationRate": 25,
    },
    Object {
      "borrowApyPercentage": 16.828574655129874,
      "supplyApyPercentage": 3.0799449176791547,
      "utilizationRate": 26,
    },
    Object {
      "borrowApyPercentage": 17.52965330176716,
      "supplyApyPercentage": 3.3254695332532465,
      "utilizationRate": 27,
    },
    Object {
      "borrowApyPercentage": 18.234827026216077,
      "supplyApyPercentage": 3.5808421176295657,
      "utilizationRate": 28,
    },
    Object {
      "borrowApyPercentage": 18.94377617861466,
      "supplyApyPercentage": 3.845998315600359,
      "utilizationRate": 29,
    },
    Object {
      "borrowApyPercentage": 19.65763005256293,
      "supplyApyPercentage": 4.121427917970219,
      "utilizationRate": 30,
    },
    Object {
      "borrowApyPercentage": 20.375222902146042,
      "supplyApyPercentage": 4.406749570822765,
      "utilizationRate": 31,
    },
    Object {
      "borrowApyPercentage": 21.097234762254,
      "supplyApyPercentage": 4.702295156733182,
      "utilizationRate": 32,
    },
    Object {
      "borrowApyPercentage": 21.8236345003286,
      "supplyApyPercentage": 5.008126566636716,
      "utilizationRate": 33,
    },
    Object {
      "borrowApyPercentage": 22.55413177403852,
      "supplyApyPercentage": 5.324192287827378,
      "utilizationRate": 34,
    },
    Object {
      "borrowApyPercentage": 23.28980975139863,
      "supplyApyPercentage": 5.651047278279124,
      "utilizationRate": 35,
    },
    Object {
      "borrowApyPercentage": 24.028697569259844,
      "supplyApyPercentage": 5.987888570139508,
      "utilizationRate": 36,
    },
    Object {
      "borrowApyPercentage": 24.77285047389955,
      "supplyApyPercentage": 6.335729034945347,
      "utilizationRate": 37,
    },
    Object {
      "borrowApyPercentage": 25.52095594831613,
      "supplyApyPercentage": 6.694045886622167,
      "utilizationRate": 38,
    },
    Object {
      "borrowApyPercentage": 26.274050944600063,
      "supplyApyPercentage": 7.063423611033884,
      "utilizationRate": 39,
    },
    Object {
      "borrowApyPercentage": 27.031361673359537,
      "supplyApyPercentage": 7.443577007217034,
      "utilizationRate": 40,
    },
    Object {
      "borrowApyPercentage": 27.793544817520928,
      "supplyApyPercentage": 7.834929987431663,
      "utilizationRate": 41,
    },
    Object {
      "borrowApyPercentage": 28.55901233337884,
      "supplyApyPercentage": 8.236747446639141,
      "utilizationRate": 42,
    },
    Object {
      "borrowApyPercentage": 29.3304024048804,
      "supplyApyPercentage": 8.650514657206935,
      "utilizationRate": 43,
    },
    Object {
      "borrowApyPercentage": 30.10670075940087,
      "supplyApyPercentage": 9.075818038770466,
      "utilizationRate": 44,
    },
    Object {
      "borrowApyPercentage": 30.886902454502103,
      "supplyApyPercentage": 9.512204926683017,
      "utilizationRate": 45,
    },
    Object {
      "borrowApyPercentage": 31.671694221486813,
      "supplyApyPercentage": 9.960154058586275,
      "utilizationRate": 46,
    },
    Object {
      "borrowApyPercentage": 32.46039055754696,
      "supplyApyPercentage": 10.41937107053631,
      "utilizationRate": 47,
    },
    Object {
      "borrowApyPercentage": 33.25605270087632,
      "supplyApyPercentage": 10.891778441502412,
      "utilizationRate": 48,
    },
    Object {
      "borrowApyPercentage": 34.05484838491495,
      "supplyApyPercentage": 11.375230050789343,
      "utilizationRate": 49,
    },
    Object {
      "borrowApyPercentage": 34.85840627486748,
      "supplyApyPercentage": 11.870805206350562,
      "utilizationRate": 50,
    },
    Object {
      "borrowApyPercentage": 35.66675460498563,
      "supplyApyPercentage": 12.378645945351968,
      "utilizationRate": 51,
    },
    Object {
      "borrowApyPercentage": 36.48009148779239,
      "supplyApyPercentage": 12.899007783810836,
      "utilizationRate": 52,
    },
    Object {
      "borrowApyPercentage": 37.29880640299864,
      "supplyApyPercentage": 13.43228373846742,
      "utilizationRate": 53,
    },
    Object {
      "borrowApyPercentage": 38.1210946094973,
      "supplyApyPercentage": 13.977420172612732,
      "utilizationRate": 54,
    },
    Object {
      "borrowApyPercentage": 38.949993398377146,
      "supplyApyPercentage": 14.53657668867037,
      "utilizationRate": 55,
    },
    Object {
      "borrowApyPercentage": 39.78397322153547,
      "supplyApyPercentage": 15.108896669092626,
      "utilizationRate": 56,
    },
    Object {
      "borrowApyPercentage": 40.6213458862022,
      "supplyApyPercentage": 15.693343298822741,
      "utilizationRate": 57,
    },
    Object {
      "borrowApyPercentage": 41.46595012269054,
      "supplyApyPercentage": 16.292758187118665,
      "utilizationRate": 58,
    },
    Object {
      "borrowApyPercentage": 42.31350594569938,
      "supplyApyPercentage": 16.904261350583734,
      "utilizationRate": 59,
    },
    Object {
      "borrowApyPercentage": 43.16528186261822,
      "supplyApyPercentage": 17.528875179022222,
      "utilizationRate": 60,
    },
    Object {
      "borrowApyPercentage": 44.02608301126594,
      "supplyApyPercentage": 18.170341435244367,
      "utilizationRate": 61,
    },
    Object {
      "borrowApyPercentage": 44.888260732065795,
      "supplyApyPercentage": 18.823131068035714,
      "utilizationRate": 62,
    },
    Object {
      "borrowApyPercentage": 45.75685919980302,
      "supplyApyPercentage": 19.491190492497495,
      "utilizationRate": 63,
    },
    Object {
      "borrowApyPercentage": 46.63064873163621,
      "supplyApyPercentage": 20.173772958249355,
      "utilizationRate": 64,
    },
    Object {
      "borrowApyPercentage": 47.50828485894501,
      "supplyApyPercentage": 20.86998409936707,
      "utilizationRate": 65,
    },
    Object {
      "borrowApyPercentage": 48.39216876564938,
      "supplyApyPercentage": 21.58190718825404,
      "utilizationRate": 66,
    },
    Object {
      "borrowApyPercentage": 49.285147837203965,
      "supplyApyPercentage": 22.312114093071994,
      "utilizationRate": 67,
    },
    Object {
      "borrowApyPercentage": 50.17809466250964,
      "supplyApyPercentage": 23.053307916829667,
      "utilizationRate": 68,
    },
    Object {
      "borrowApyPercentage": 51.07780362077765,
      "supplyApyPercentage": 23.811255420635653,
      "utilizationRate": 69,
    },
    Object {
      "borrowApyPercentage": 51.98325294283599,
      "supplyApyPercentage": 24.58533368770898,
      "utilizationRate": 70,
    },
    Object {
      "borrowApyPercentage": 52.89332988683733,
      "supplyApyPercentage": 25.374793445524247,
      "utilizationRate": 71,
    },
    Object {
      "borrowApyPercentage": 53.81159340747554,
      "supplyApyPercentage": 26.182974410754497,
      "utilizationRate": 72,
    },
    Object {
      "borrowApyPercentage": 54.73230144247489,
      "supplyApyPercentage": 27.00503803902135,
      "utilizationRate": 73,
    },
    Object {
      "borrowApyPercentage": 55.65915859399471,
      "supplyApyPercentage": 27.844472332071525,
      "utilizationRate": 74,
    },
    Object {
      "borrowApyPercentage": 56.596448549094816,
      "supplyApyPercentage": 28.70549589306184,
      "utilizationRate": 75,
    },
    Object {
      "borrowApyPercentage": 57.53275586816287,
      "supplyApyPercentage": 29.577827302130682,
      "utilizationRate": 76,
    },
    Object {
      "borrowApyPercentage": 58.47764629922021,
      "supplyApyPercentage": 30.470551995831265,
      "utilizationRate": 77,
    },
    Object {
      "borrowApyPercentage": 59.424638864563555,
      "supplyApyPercentage": 31.377784495471364,
      "utilizationRate": 78,
    },
    Object {
      "borrowApyPercentage": 60.38439247702537,
      "supplyApyPercentage": 32.31006266370778,
      "utilizationRate": 79,
    },
    Object {
      "borrowApyPercentage": 61.34430814592077,
      "supplyApyPercentage": 33.255440813613255,
      "utilizationRate": 80,
    },
    Object {
      "borrowApyPercentage": 62.30928979042378,
      "supplyApyPercentage": 34.218890547985694,
      "utilizationRate": 81,
    },
    Object {
      "borrowApyPercentage": 63.28493652948812,
      "supplyApyPercentage": 35.20636286988394,
      "utilizationRate": 82,
    },
    Object {
      "borrowApyPercentage": 64.26405837277788,
      "supplyApyPercentage": 36.21091485336401,
      "utilizationRate": 83,
    },
    Object {
      "borrowApyPercentage": 65.24556348337818,
      "supplyApyPercentage": 37.23159370656774,
      "utilizationRate": 84,
    },
    Object {
      "borrowApyPercentage": 66.23546283886556,
      "supplyApyPercentage": 38.27492523698609,
      "utilizationRate": 85,
    },
    Object {
      "borrowApyPercentage": 67.23315625972326,
      "supplyApyPercentage": 39.34067220829439,
      "utilizationRate": 86,
    },
    Object {
      "borrowApyPercentage": 68.23799214450976,
      "supplyApyPercentage": 40.428514741230536,
      "utilizationRate": 87,
    },
    Object {
      "borrowApyPercentage": 69.24143469550071,
      "supplyApyPercentage": 41.529395046747126,
      "utilizationRate": 88,
    },
    Object {
      "borrowApyPercentage": 70.25815947949907,
      "supplyApyPercentage": 42.65973622613449,
      "utilizationRate": 89,
    },
    Object {
      "borrowApyPercentage": 71.279743380464,
      "supplyApyPercentage": 43.810640511617784,
      "utilizationRate": 90,
    },
    Object {
      "borrowApyPercentage": 72.30531419021744,
      "supplyApyPercentage": 44.98139275994365,
      "utilizationRate": 91,
    },
    Object {
      "borrowApyPercentage": 73.33394155547022,
      "supplyApyPercentage": 46.17116272523017,
      "utilizationRate": 92,
    },
    Object {
      "borrowApyPercentage": 74.37364498551749,
      "supplyApyPercentage": 47.389625174180125,
      "utilizationRate": 93,
    },
    Object {
      "borrowApyPercentage": 75.42412239684961,
      "supplyApyPercentage": 48.63701177272406,
      "utilizationRate": 94,
    },
    Object {
      "borrowApyPercentage": 76.47552207786764,
      "supplyApyPercentage": 49.901982992655654,
      "utilizationRate": 95,
    },
    Object {
      "borrowApyPercentage": 77.52669387114783,
      "supplyApyPercentage": 51.183260353246354,
      "utilizationRate": 96,
    },
    Object {
      "borrowApyPercentage": 78.59649956242484,
      "supplyApyPercentage": 52.50436708586351,
      "utilizationRate": 97,
    },
    Object {
      "borrowApyPercentage": 79.66465634674591,
      "supplyApyPercentage": 53.840762679143126,
      "utilizationRate": 98,
    },
    Object {
      "borrowApyPercentage": 80.74042567942236,
      "supplyApyPercentage": 55.20428227563307,
      "utilizationRate": 99,
    },
    Object {
      "borrowApyPercentage": 81.82325504084193,
      "supplyApyPercentage": 56.594693794970375,
      "utilizationRate": 100,
    },
  ],
}
`;
