// Jest Snapshot v1, https://goo.gl/fbAQLP

exports[`api/queries/getVoters returns proposal 1`] = `
Object {
  "result": Array [
    Object {
      "address": "0xe864c9439eb042e969c59dd13d38cfdb28e16d73",
      "reason": undefined,
      "support": "AGAINST",
      "voteWeightWei": "2.324562998201e+26",
    },
    Object {
      "address": "0xe864c9439eb042e969c59dd13d38cfdb28e16d74",
      "reason": undefined,
      "support": "FOR",
      "voteWeightWei": "2.324562998201e+26",
    },
  ],
  "sumVotes": "4.649125996402e+26",
}
`;
