// Jest Snapshot v1, https://goo.gl/fbAQLP

exports[`api/queries/getVoters returns proposal 1`] = `
Object {
  "result": Array [
    Object {
      "address": "0x1b7081943449db22e4d68c5bac45cfc85b44d3a7",
      "reason": undefined,
      "support": "FOR",
      "voteWeightWei": "1.0998195e+26",
    },
  ],
  "sumVotes": "1.0998195e+26",
}
`;
