// Jest Snapshot v1, https://goo.gl/fbAQLP

exports[`pages/Swap displays exactAmountIn swap details correctly  1`] = `"Exchange rate1 ETH ≈ 2 XCNSlippage tolerance0.5%Minimum received15 XCN"`;

exports[`pages/Swap displays exactAmountOut swap details correctly  1`] = `"Exchange rate1 ETH ≈ 2 XCNSlippage tolerance0.5%Maximum sold20 ETH"`;
